<html>
<body>
<pre>
<h1>µVision Build Log</h1>
<h2>Tool Versions:</h2>
IDE-Version: µVision V5.36.0.0
Copyright (C) 2021 ARM Ltd and ARM Germany GmbH. All rights reserved.
License Information: igor yashan, KNU, LIC=----
 
Tool Versions:
Toolchain:       MDK-Lite  Version: 5.36.0.0
Toolchain Path:  C:\Keil_v5\ARM\ARMCLANG\Bin
C Compiler:      ArmClang.exe V6.16
Assembler:       Armasm.exe V6.16
Linker/Locator:  ArmLink.exe V6.16
Library Manager: ArmAr.exe V6.16
Hex Converter:   FromElf.exe V6.16
CPU DLL:         SARMCM3.DLL V5.36.0.0
Dialog DLL:      DCM.DLL V1.17.3.0
Target DLL:      STLink\ST-LINKIII-KEIL_SWO.dll V3.0.9.0
Dialog DLL:      TCM.DLL V1.53.0.0
 
<h2>Project:</h2>
C:\Users\igor4\STM32F411\STM32F411.uvprojx
Project File Date:  12/23/2022

<h2>Output:</h2>
*** Using Compiler 'V6.16', folder: 'C:\Keil_v5\ARM\ARMCLANG\Bin'
Build target 'Target 1'
user/main.c(2): warning: In file included from...
./pl\stm32f4xx.h(2044): warning: 'STM32F427_437xx' is not defined, evaluates to 0 [-Wundef]
#if defined (STM32F40_41xxx) || (STM32F427_437xx) || (STM32F429_439xx) || (STM32F410xx) || (STM32F412xG) || (STM32F413_423xx) || (STM32F446xx) || (STM32F469_479xx)
                                 ^
./pl\stm32f4xx.h(2044): warning: 'STM32F429_439xx' is not defined, evaluates to 0 [-Wundef]
#if defined (STM32F40_41xxx) || (STM32F427_437xx) || (STM32F429_439xx) || (STM32F410xx) || (STM32F412xG) || (STM32F413_423xx) || (STM32F446xx) || (STM32F469_479xx)
                                                      ^
./pl\stm32f4xx.h(2044): warning: 'STM32F410xx' is not defined, evaluates to 0 [-Wundef]
#if defined (STM32F40_41xxx) || (STM32F427_437xx) || (STM32F429_439xx) || (STM32F410xx) || (STM32F412xG) || (STM32F413_423xx) || (STM32F446xx) || (STM32F469_479xx)
                                                                           ^
./pl\stm32f4xx.h(2044): warning: 'STM32F412xG' is not defined, evaluates to 0 [-Wundef]
#if defined (STM32F40_41xxx) || (STM32F427_437xx) || (STM32F429_439xx) || (STM32F410xx) || (STM32F412xG) || (STM32F413_423xx) || (STM32F446xx) || (STM32F469_479xx)
                                                                                            ^
./pl\stm32f4xx.h(2044): warning: 'STM32F413_423xx' is not defined, evaluates to 0 [-Wundef]
#if defined (STM32F40_41xxx) || (STM32F427_437xx) || (STM32F429_439xx) || (STM32F410xx) || (STM32F412xG) || (STM32F413_423xx) || (STM32F446xx) || (STM32F469_479xx)
                                                                                                             ^
./pl\stm32f4xx.h(2044): warning: 'STM32F446xx' is not defined, evaluates to 0 [-Wundef]
#if defined (STM32F40_41xxx) || (STM32F427_437xx) || (STM32F429_439xx) || (STM32F410xx) || (STM32F412xG) || (STM32F413_423xx) || (STM32F446xx) || (STM32F469_479xx)
                                                                                                                                  ^
./pl\stm32f4xx.h(2044): warning: 'STM32F469_479xx' is not defined, evaluates to 0 [-Wundef]
#if defined (STM32F40_41xxx) || (STM32F427_437xx) || (STM32F429_439xx) || (STM32F410xx) || (STM32F412xG) || (STM32F413_423xx) || (STM32F446xx) || (STM32F469_479xx)
                                                                                                                                                   ^
./pl\stm32f4xx.h(11581): warning: 'DBGMCU_APB2_FZ_DBG_TIM1_STOP' macro redefined [-Wmacro-redefined]
#define  DBGMCU_APB2_FZ_DBG_TIM1_STOP        DBGMCU_APB1_FZ_DBG_TIM1_STOP    
         ^
./pl\stm32f4xx.h(11574): note: previous definition is here
#define  DBGMCU_APB2_FZ_DBG_TIM1_STOP        ((uint32_t)0x00000001)
         ^
./pl\stm32f4xx.h(11582): warning: 'DBGMCU_APB2_FZ_DBG_TIM8_STOP' macro redefined [-Wmacro-redefined]
#define  DBGMCU_APB2_FZ_DBG_TIM8_STOP        DBGMCU_APB1_FZ_DBG_TIM8_STOP
         ^
./pl\stm32f4xx.h(11575): note: previous definition is here
#define  DBGMCU_APB2_FZ_DBG_TIM8_STOP        ((uint32_t)0x00000002)
         ^
./pl\stm32f4xx.h(11583): warning: 'DBGMCU_APB2_FZ_DBG_TIM9_STOP' macro redefined [-Wmacro-redefined]
#define  DBGMCU_APB2_FZ_DBG_TIM9_STOP        DBGMCU_APB1_FZ_DBG_TIM9_STOP
         ^
./pl\stm32f4xx.h(11576): note: previous definition is here
#define  DBGMCU_APB2_FZ_DBG_TIM9_STOP        ((uint32_t)0x00010000)
         ^
./pl\stm32f4xx.h(11584): warning: 'DBGMCU_APB2_FZ_DBG_TIM10_STOP' macro redefined [-Wmacro-redefined]
#define  DBGMCU_APB2_FZ_DBG_TIM10_STOP       DBGMCU_APB1_FZ_DBG_TIM10_STOP
         ^
./pl\stm32f4xx.h(11577): note: previous definition is here
#define  DBGMCU_APB2_FZ_DBG_TIM10_STOP       ((uint32_t)0x00020000)
         ^
./pl\stm32f4xx.h(11585): warning: 'DBGMCU_APB2_FZ_DBG_TIM11_STOP' macro redefined [-Wmacro-redefined]
#define  DBGMCU_APB2_FZ_DBG_TIM11_STOP       DBGMCU_APB1_FZ_DBG_TIM11_STOP
         ^
./pl\stm32f4xx.h(11578): note: previous definition is here
#define  DBGMCU_APB2_FZ_DBG_TIM11_STOP       ((uint32_t)0x00040000)
         ^
12 warnings generated.
compiling main.c...
linking...
Program Size: Code=412 RO-data=424 RW-data=0 ZI-data=1632  
".\Objects\STM32F411.axf" - 0 Error(s), 12 Warning(s).

<h2>Software Packages used:</h2>

Package Vendor: ARM
                http://www.keil.com/pack/ARM.CMSIS.5.8.0.pack
                ARM.CMSIS.5.8.0
                CMSIS (Common Microcontroller Software Interface Standard)
   * Component: CORE Version: 5.5.0

Package Vendor: Keil
                http://www.keil.com/pack/Keil.STM32F4xx_DFP.2.16.0.pack
                Keil.STM32F4xx_DFP.2.16.0
                STMicroelectronics STM32F4 Series Device Support, Drivers and Examples
   * Component: Startup Version: 2.6.3

<h2>Collection of Component include folders:</h2>
  .\RTE\_Target_1
  C:\Users\igor4\AppData\Local\Arm\Packs\ARM\CMSIS\5.8.0\CMSIS\Core\Include
  C:\Users\igor4\AppData\Local\Arm\Packs\Keil\STM32F4xx_DFP\2.16.0\Drivers\CMSIS\Device\ST\STM32F4xx\Include

<h2>Collection of Component Files used:</h2>

   * Component: ARM::CMSIS:CORE:5.5.0

   * Component: Keil::Device:Startup:2.6.3
      Source file:   MDK\Device\Source\ARM\STM32F411xx_OPT.s
      Source file:   MDK\Device\Source\ARM\STM32F4xx_OTP.s
      Include file:  Drivers\CMSIS\Device\ST\STM32F4xx\Include\stm32f4xx.h
      Source file:   Drivers\CMSIS\Device\ST\STM32F4xx\Source\Templates\arm\startup_stm32f411xe.s
      Source file:   Drivers\CMSIS\Device\ST\STM32F4xx\Source\Templates\system_stm32f4xx.c
Build Time Elapsed:  00:00:01
</pre>
</body>
</html>
